mode: set
github.com/deloitte-us-consulting/his-be/services/patient/internal/infrastructure/grpc/handlers.go:22.140,26.81 3 0
github.com/deloitte-us-consulting/his-be/services/patient/internal/infrastructure/grpc/handlers.go:26.81,29.3 2 0
github.com/deloitte-us-consulting/his-be/services/patient/internal/infrastructure/grpc/handlers.go:31.2,32.16 2 0
github.com/deloitte-us-consulting/his-be/services/patient/internal/infrastructure/grpc/handlers.go:32.16,35.3 2 0
github.com/deloitte-us-consulting/his-be/services/patient/internal/infrastructure/grpc/handlers.go:37.2,38.16 2 0
github.com/deloitte-us-consulting/his-be/services/patient/internal/infrastructure/grpc/handlers.go:38.16,41.3 2 0
github.com/deloitte-us-consulting/his-be/services/patient/internal/infrastructure/grpc/handlers.go:43.2,46.24 3 0
github.com/deloitte-us-consulting/his-be/services/patient/internal/infrastructure/grpc/handlers.go:46.24,54.3 1 0
github.com/deloitte-us-consulting/his-be/services/patient/internal/infrastructure/grpc/handlers.go:56.2,57.33 2 0
github.com/deloitte-us-consulting/his-be/services/patient/internal/infrastructure/grpc/handlers.go:57.33,63.3 1 0
github.com/deloitte-us-consulting/his-be/services/patient/internal/infrastructure/grpc/handlers.go:65.2,66.26 2 0
github.com/deloitte-us-consulting/his-be/services/patient/internal/infrastructure/grpc/handlers.go:66.26,68.42 2 0
github.com/deloitte-us-consulting/his-be/services/patient/internal/infrastructure/grpc/handlers.go:68.42,70.18 2 0
github.com/deloitte-us-consulting/his-be/services/patient/internal/infrastructure/grpc/handlers.go:70.18,72.5 1 0
github.com/deloitte-us-consulting/his-be/services/patient/internal/infrastructure/grpc/handlers.go:74.3,82.4 1 0
github.com/deloitte-us-consulting/his-be/services/patient/internal/infrastructure/grpc/handlers.go:85.2,86.42 2 0
github.com/deloitte-us-consulting/his-be/services/patient/internal/infrastructure/grpc/handlers.go:86.42,93.3 1 0
github.com/deloitte-us-consulting/his-be/services/patient/internal/infrastructure/grpc/handlers.go:95.2,112.16 3 0
github.com/deloitte-us-consulting/his-be/services/patient/internal/infrastructure/grpc/handlers.go:112.16,116.3 3 0
github.com/deloitte-us-consulting/his-be/services/patient/internal/infrastructure/grpc/handlers.go:118.2,128.18 3 0
github.com/deloitte-us-consulting/his-be/services/patient/internal/infrastructure/grpc/handlers.go:132.131,136.47 3 0
github.com/deloitte-us-consulting/his-be/services/patient/internal/infrastructure/grpc/handlers.go:136.47,138.3 1 0
github.com/deloitte-us-consulting/his-be/services/patient/internal/infrastructure/grpc/handlers.go:140.2,141.16 2 0
github.com/deloitte-us-consulting/his-be/services/patient/internal/infrastructure/grpc/handlers.go:141.16,143.3 1 0
github.com/deloitte-us-consulting/his-be/services/patient/internal/infrastructure/grpc/handlers.go:145.2,151.16 3 0
github.com/deloitte-us-consulting/his-be/services/patient/internal/infrastructure/grpc/handlers.go:151.16,152.32 1 0
github.com/deloitte-us-consulting/his-be/services/patient/internal/infrastructure/grpc/handlers.go:152.32,155.4 2 0
github.com/deloitte-us-consulting/his-be/services/patient/internal/infrastructure/grpc/handlers.go:156.3,158.90 3 0
github.com/deloitte-us-consulting/his-be/services/patient/internal/infrastructure/grpc/handlers.go:161.2,170.18 3 0
github.com/deloitte-us-consulting/his-be/services/patient/internal/infrastructure/grpc/handlers.go:174.143,178.24 3 0
github.com/deloitte-us-consulting/his-be/services/patient/internal/infrastructure/grpc/handlers.go:178.24,180.3 1 0
github.com/deloitte-us-consulting/his-be/services/patient/internal/infrastructure/grpc/handlers.go:182.2,183.16 2 0
github.com/deloitte-us-consulting/his-be/services/patient/internal/infrastructure/grpc/handlers.go:183.16,185.3 1 0
github.com/deloitte-us-consulting/his-be/services/patient/internal/infrastructure/grpc/handlers.go:187.2,188.19 2 0
github.com/deloitte-us-consulting/his-be/services/patient/internal/infrastructure/grpc/handlers.go:188.19,190.3 1 0
github.com/deloitte-us-consulting/his-be/services/patient/internal/infrastructure/grpc/handlers.go:190.8,190.54 1 0
github.com/deloitte-us-consulting/his-be/services/patient/internal/infrastructure/grpc/handlers.go:190.54,192.3 1 0
github.com/deloitte-us-consulting/his-be/services/patient/internal/infrastructure/grpc/handlers.go:192.8,192.28 1 0
github.com/deloitte-us-consulting/his-be/services/patient/internal/infrastructure/grpc/handlers.go:192.28,194.3 1 0
github.com/deloitte-us-consulting/his-be/services/patient/internal/infrastructure/grpc/handlers.go:196.2,198.16 3 0
github.com/deloitte-us-consulting/his-be/services/patient/internal/infrastructure/grpc/handlers.go:198.16,200.3 1 0
github.com/deloitte-us-consulting/his-be/services/patient/internal/infrastructure/grpc/handlers.go:201.2,201.17 1 0
github.com/deloitte-us-consulting/his-be/services/patient/internal/infrastructure/grpc/handlers.go:201.17,203.3 1 0
github.com/deloitte-us-consulting/his-be/services/patient/internal/infrastructure/grpc/handlers.go:204.2,204.18 1 0
github.com/deloitte-us-consulting/his-be/services/patient/internal/infrastructure/grpc/handlers.go:204.18,206.3 1 0
github.com/deloitte-us-consulting/his-be/services/patient/internal/infrastructure/grpc/handlers.go:208.2,216.16 3 0
github.com/deloitte-us-consulting/his-be/services/patient/internal/infrastructure/grpc/handlers.go:216.16,220.3 3 0
github.com/deloitte-us-consulting/his-be/services/patient/internal/infrastructure/grpc/handlers.go:222.2,223.29 2 0
github.com/deloitte-us-consulting/his-be/services/patient/internal/infrastructure/grpc/handlers.go:223.29,225.3 1 0
github.com/deloitte-us-consulting/his-be/services/patient/internal/infrastructure/grpc/handlers.go:227.2,236.18 3 0
github.com/deloitte-us-consulting/his-be/services/patient/internal/infrastructure/grpc/handlers.go:240.137,244.24 3 0
github.com/deloitte-us-consulting/his-be/services/patient/internal/infrastructure/grpc/handlers.go:244.24,246.3 1 0
github.com/deloitte-us-consulting/his-be/services/patient/internal/infrastructure/grpc/handlers.go:248.2,249.16 2 0
github.com/deloitte-us-consulting/his-be/services/patient/internal/infrastructure/grpc/handlers.go:249.16,251.3 1 0
github.com/deloitte-us-consulting/his-be/services/patient/internal/infrastructure/grpc/handlers.go:253.2,254.16 2 0
github.com/deloitte-us-consulting/his-be/services/patient/internal/infrastructure/grpc/handlers.go:254.16,256.3 1 0
github.com/deloitte-us-consulting/his-be/services/patient/internal/infrastructure/grpc/handlers.go:257.2,257.17 1 0
github.com/deloitte-us-consulting/his-be/services/patient/internal/infrastructure/grpc/handlers.go:257.17,259.3 1 0
github.com/deloitte-us-consulting/his-be/services/patient/internal/infrastructure/grpc/handlers.go:260.2,261.18 2 0
github.com/deloitte-us-consulting/his-be/services/patient/internal/infrastructure/grpc/handlers.go:261.18,263.3 1 0
github.com/deloitte-us-consulting/his-be/services/patient/internal/infrastructure/grpc/handlers.go:265.2,272.16 3 0
github.com/deloitte-us-consulting/his-be/services/patient/internal/infrastructure/grpc/handlers.go:272.16,276.3 3 0
github.com/deloitte-us-consulting/his-be/services/patient/internal/infrastructure/grpc/handlers.go:278.2,279.29 2 0
github.com/deloitte-us-consulting/his-be/services/patient/internal/infrastructure/grpc/handlers.go:279.29,281.3 1 0
github.com/deloitte-us-consulting/his-be/services/patient/internal/infrastructure/grpc/handlers.go:283.2,292.18 3 0
github.com/deloitte-us-consulting/his-be/services/patient/internal/infrastructure/grpc/handlers.go:296.140,300.47 3 0
github.com/deloitte-us-consulting/his-be/services/patient/internal/infrastructure/grpc/handlers.go:300.47,302.3 1 0
github.com/deloitte-us-consulting/his-be/services/patient/internal/infrastructure/grpc/handlers.go:304.2,305.16 2 0
github.com/deloitte-us-consulting/his-be/services/patient/internal/infrastructure/grpc/handlers.go:305.16,307.3 1 0
github.com/deloitte-us-consulting/his-be/services/patient/internal/infrastructure/grpc/handlers.go:309.2,311.80 2 0
github.com/deloitte-us-consulting/his-be/services/patient/internal/infrastructure/grpc/handlers.go:311.80,313.25 2 0
github.com/deloitte-us-consulting/his-be/services/patient/internal/infrastructure/grpc/handlers.go:313.25,321.4 1 0
github.com/deloitte-us-consulting/his-be/services/patient/internal/infrastructure/grpc/handlers.go:323.3,334.17 3 0
github.com/deloitte-us-consulting/his-be/services/patient/internal/infrastructure/grpc/handlers.go:334.17,338.4 3 0
github.com/deloitte-us-consulting/his-be/services/patient/internal/infrastructure/grpc/handlers.go:341.2,341.26 1 0
github.com/deloitte-us-consulting/his-be/services/patient/internal/infrastructure/grpc/handlers.go:341.26,343.42 2 0
github.com/deloitte-us-consulting/his-be/services/patient/internal/infrastructure/grpc/handlers.go:343.42,345.18 2 0
github.com/deloitte-us-consulting/his-be/services/patient/internal/infrastructure/grpc/handlers.go:345.18,347.5 1 0
github.com/deloitte-us-consulting/his-be/services/patient/internal/infrastructure/grpc/handlers.go:350.3,368.17 4 0
github.com/deloitte-us-consulting/his-be/services/patient/internal/infrastructure/grpc/handlers.go:368.17,372.4 3 0
github.com/deloitte-us-consulting/his-be/services/patient/internal/infrastructure/grpc/handlers.go:375.2,375.28 1 0
github.com/deloitte-us-consulting/his-be/services/patient/internal/infrastructure/grpc/handlers.go:375.28,384.17 3 0
github.com/deloitte-us-consulting/his-be/services/patient/internal/infrastructure/grpc/handlers.go:384.17,388.4 3 0
github.com/deloitte-us-consulting/his-be/services/patient/internal/infrastructure/grpc/handlers.go:391.2,391.34 1 0
github.com/deloitte-us-consulting/his-be/services/patient/internal/infrastructure/grpc/handlers.go:391.34,393.43 2 0
github.com/deloitte-us-consulting/his-be/services/patient/internal/infrastructure/grpc/handlers.go:393.43,400.4 1 0
github.com/deloitte-us-consulting/his-be/services/patient/internal/infrastructure/grpc/handlers.go:402.3,410.17 3 0
github.com/deloitte-us-consulting/his-be/services/patient/internal/infrastructure/grpc/handlers.go:410.17,414.4 3 0
github.com/deloitte-us-consulting/his-be/services/patient/internal/infrastructure/grpc/handlers.go:417.2,417.27 1 0
github.com/deloitte-us-consulting/his-be/services/patient/internal/infrastructure/grpc/handlers.go:417.27,422.28 2 0
github.com/deloitte-us-consulting/his-be/services/patient/internal/infrastructure/grpc/handlers.go:422.28,425.4 2 0
github.com/deloitte-us-consulting/his-be/services/patient/internal/infrastructure/grpc/handlers.go:426.3,426.30 1 0
github.com/deloitte-us-consulting/his-be/services/patient/internal/infrastructure/grpc/handlers.go:426.30,428.4 1 0
github.com/deloitte-us-consulting/his-be/services/patient/internal/infrastructure/grpc/handlers.go:429.3,429.30 1 0
github.com/deloitte-us-consulting/his-be/services/patient/internal/infrastructure/grpc/handlers.go:429.30,432.4 2 0
github.com/deloitte-us-consulting/his-be/services/patient/internal/infrastructure/grpc/handlers.go:433.3,433.28 1 0
github.com/deloitte-us-consulting/his-be/services/patient/internal/infrastructure/grpc/handlers.go:433.28,436.4 2 0
github.com/deloitte-us-consulting/his-be/services/patient/internal/infrastructure/grpc/handlers.go:437.3,437.32 1 0
github.com/deloitte-us-consulting/his-be/services/patient/internal/infrastructure/grpc/handlers.go:437.32,439.4 1 0
github.com/deloitte-us-consulting/his-be/services/patient/internal/infrastructure/grpc/handlers.go:440.3,440.32 1 0
github.com/deloitte-us-consulting/his-be/services/patient/internal/infrastructure/grpc/handlers.go:440.32,443.4 2 0
github.com/deloitte-us-consulting/his-be/services/patient/internal/infrastructure/grpc/handlers.go:444.3,444.29 1 0
github.com/deloitte-us-consulting/his-be/services/patient/internal/infrastructure/grpc/handlers.go:444.29,446.4 1 0
github.com/deloitte-us-consulting/his-be/services/patient/internal/infrastructure/grpc/handlers.go:447.3,447.39 1 0
github.com/deloitte-us-consulting/his-be/services/patient/internal/infrastructure/grpc/handlers.go:447.39,450.4 2 0
github.com/deloitte-us-consulting/his-be/services/patient/internal/infrastructure/grpc/handlers.go:452.3,460.17 3 0
github.com/deloitte-us-consulting/his-be/services/patient/internal/infrastructure/grpc/handlers.go:460.17,464.4 3 0
github.com/deloitte-us-consulting/his-be/services/patient/internal/infrastructure/grpc/handlers.go:467.2,473.16 3 0
github.com/deloitte-us-consulting/his-be/services/patient/internal/infrastructure/grpc/handlers.go:473.16,477.3 3 0
github.com/deloitte-us-consulting/his-be/services/patient/internal/infrastructure/grpc/handlers.go:479.2,485.18 3 0
github.com/deloitte-us-consulting/his-be/services/patient/internal/infrastructure/grpc/handlers.go:489.146,496.2 4 0
github.com/deloitte-us-consulting/his-be/services/patient/internal/infrastructure/grpc/handlers.go:499.107,508.2 4 0
github.com/deloitte-us-consulting/his-be/services/patient/internal/infrastructure/grpc/handlers.go:511.65,530.27 2 1
github.com/deloitte-us-consulting/his-be/services/patient/internal/infrastructure/grpc/handlers.go:530.27,532.3 1 1
github.com/deloitte-us-consulting/his-be/services/patient/internal/infrastructure/grpc/handlers.go:533.2,533.27 1 1
github.com/deloitte-us-consulting/his-be/services/patient/internal/infrastructure/grpc/handlers.go:533.27,535.3 1 1
github.com/deloitte-us-consulting/his-be/services/patient/internal/infrastructure/grpc/handlers.go:536.2,536.24 1 1
github.com/deloitte-us-consulting/his-be/services/patient/internal/infrastructure/grpc/handlers.go:536.24,538.3 1 1
github.com/deloitte-us-consulting/his-be/services/patient/internal/infrastructure/grpc/handlers.go:540.2,540.22 1 1
github.com/deloitte-us-consulting/his-be/services/patient/internal/infrastructure/grpc/handlers.go:540.22,548.3 1 1
github.com/deloitte-us-consulting/his-be/services/patient/internal/infrastructure/grpc/handlers.go:550.2,550.31 1 1
github.com/deloitte-us-consulting/his-be/services/patient/internal/infrastructure/grpc/handlers.go:550.31,556.3 1 1
github.com/deloitte-us-consulting/his-be/services/patient/internal/infrastructure/grpc/handlers.go:558.2,558.24 1 1
github.com/deloitte-us-consulting/his-be/services/patient/internal/infrastructure/grpc/handlers.go:558.24,567.41 2 1
github.com/deloitte-us-consulting/his-be/services/patient/internal/infrastructure/grpc/handlers.go:567.41,569.4 1 1
github.com/deloitte-us-consulting/his-be/services/patient/internal/infrastructure/grpc/handlers.go:572.2,574.40 2 1
github.com/deloitte-us-consulting/his-be/services/patient/internal/infrastructure/grpc/handlers.go:574.40,581.3 1 1
github.com/deloitte-us-consulting/his-be/services/patient/internal/infrastructure/grpc/handlers.go:583.2,583.25 1 1
github.com/deloitte-us-consulting/his-be/services/patient/internal/infrastructure/grpc/handlers.go:583.25,587.29 2 1
github.com/deloitte-us-consulting/his-be/services/patient/internal/infrastructure/grpc/handlers.go:587.29,589.4 1 1
github.com/deloitte-us-consulting/his-be/services/patient/internal/infrastructure/grpc/handlers.go:590.3,590.31 1 1
github.com/deloitte-us-consulting/his-be/services/patient/internal/infrastructure/grpc/handlers.go:590.31,592.4 1 1
github.com/deloitte-us-consulting/his-be/services/patient/internal/infrastructure/grpc/handlers.go:593.3,593.31 1 1
github.com/deloitte-us-consulting/his-be/services/patient/internal/infrastructure/grpc/handlers.go:593.31,595.4 1 1
github.com/deloitte-us-consulting/his-be/services/patient/internal/infrastructure/grpc/handlers.go:596.3,596.29 1 1
github.com/deloitte-us-consulting/his-be/services/patient/internal/infrastructure/grpc/handlers.go:596.29,598.4 1 1
github.com/deloitte-us-consulting/his-be/services/patient/internal/infrastructure/grpc/handlers.go:599.3,599.33 1 1
github.com/deloitte-us-consulting/his-be/services/patient/internal/infrastructure/grpc/handlers.go:599.33,601.4 1 1
github.com/deloitte-us-consulting/his-be/services/patient/internal/infrastructure/grpc/handlers.go:602.3,602.33 1 1
github.com/deloitte-us-consulting/his-be/services/patient/internal/infrastructure/grpc/handlers.go:602.33,604.4 1 1
github.com/deloitte-us-consulting/his-be/services/patient/internal/infrastructure/grpc/handlers.go:605.3,605.30 1 1
github.com/deloitte-us-consulting/his-be/services/patient/internal/infrastructure/grpc/handlers.go:605.30,607.4 1 1
github.com/deloitte-us-consulting/his-be/services/patient/internal/infrastructure/grpc/handlers.go:608.3,608.74 1 1
github.com/deloitte-us-consulting/his-be/services/patient/internal/infrastructure/grpc/handlers.go:608.74,610.4 1 0
github.com/deloitte-us-consulting/his-be/services/patient/internal/infrastructure/grpc/handlers.go:611.3,611.21 1 1
github.com/deloitte-us-consulting/his-be/services/patient/internal/infrastructure/grpc/handlers.go:614.2,614.11 1 1
github.com/deloitte-us-consulting/his-be/services/patient/internal/infrastructure/grpc/server.go:41.18,54.2 1 0
